#
# A fatal error has been detected by the Java Runtime Environment:
#
#  EXCEPTION_ACCESS_VIOLATION (0xc0000005) at pc=0x00007ffe155a71a7, pid=9840, tid=17244
#
# JRE version: OpenJDK Runtime Environment Temurin-21.0.8+9 (21.0.8+9) (build 21.0.8+9-LTS)
# Java VM: OpenJDK 64-Bit Server VM Temurin-21.0.8+9 (21.0.8+9-LTS, mixed mode, sharing, tiered, compressed oops, compressed class ptrs, parallel gc, windows-amd64)
# Problematic frame:
# V  [jvm.dll+0x6871a7]
#
# No core dump will be written. Minidumps are not enabled by default on client versions of Windows
#
# If you would like to submit a bug report, please visit:
#   https://github.com/adoptium/adoptium-support/issues
#

---------------  S U M M A R Y ------------

Command Line: --add-modules=ALL-SYSTEM --add-opens=java.base/java.util=ALL-UNNAMED --add-opens=java.base/java.lang=ALL-UNNAMED --add-opens=java.base/sun.nio.fs=ALL-UNNAMED -Declipse.application=org.eclipse.jdt.ls.core.id1 -Dosgi.bundles.defaultStartLevel=4 -Declipse.product=org.eclipse.jdt.ls.core.product -Djava.import.generatesMetadataFilesAtProjectRoot=false -DDetectVMInstallationsJob.disabled=true -Dfile.encoding=utf8 -XX:+UseParallelGC -XX:GCTimeRatio=4 -XX:AdaptiveSizePolicyWeight=90 -Dsun.zip.disableMemoryMapping=true -Xmx2G -Xms100m -Xlog:disable -javaagent:c:\Users\Usuario\.vscode\extensions\redhat.java-1.44.0-win32-x64\lombok\lombok-1.18.39-4050.jar -XX:+HeapDumpOnOutOfMemoryError -XX:HeapDumpPath=c:\Users\Usuario\AppData\Roaming\Code\User\workspaceStorage\ec33affc889259e39a8681075d75e073\redhat.java -Daether.dependencyCollector.impl=bf c:\Users\Usuario\.vscode\extensions\redhat.java-1.44.0-win32-x64\server\plugins\org.eclipse.equinox.launcher_1.7.0.v20250519-0528.jar -configuration c:\Users\Usuario\AppData\Roaming\Code\User\globalStorage\redhat.java\1.44.0\config_win -data c:\Users\Usuario\AppData\Roaming\Code\User\workspaceStorage\ec33affc889259e39a8681075d75e073\redhat.java\jdt_ws --pipe=\\.\pipe\lsp-ad500f1b02b43f220a6c80a0170e6991-sock

Host: AMD Ryzen 7 7700 8-Core Processor              , 16 cores, 15G,  Windows 11 , 64 bit Build 26100 (10.0.26100.4768)
Time: Thu Aug  7 13:15:11 2025 Hora estándar de Argentina elapsed time: 14311.925584 seconds (0d 3h 58m 31s)

---------------  T H R E A D  ---------------

Current thread (0x000002a7971e40a0):  VMThread "VM Thread"          [id=17244, stack(0x000000dd09700000,0x000000dd09800000) (1024K)]

Stack: [0x000000dd09700000,0x000000dd09800000],  sp=0x000000dd097fe490,  free space=1017k
Native frames: (J=compiled Java code, j=interpreted, Vv=VM code, C=native code)
V  [jvm.dll+0x6871a7]
V  [jvm.dll+0x3c238d]
V  [jvm.dll+0x5aedcc]
V  [jvm.dll+0x70ceec]
V  [jvm.dll+0x70c466]
V  [jvm.dll+0x71161d]
V  [jvm.dll+0x6dfb73]
V  [jvm.dll+0x712c24]
V  [jvm.dll+0x8b6cbf]
V  [jvm.dll+0x8b8044]
V  [jvm.dll+0x8b8580]
V  [jvm.dll+0x8b8823]
V  [jvm.dll+0x857e6b]
V  [jvm.dll+0x6d0b0d]
C  [ucrtbase.dll+0x37b0]
C  [KERNEL32.DLL+0x2e8d7]
C  [ntdll.dll+0x3c34c]


siginfo: EXCEPTION_ACCESS_VIOLATION (0xc0000005), reading address 0xffffffffffffffff


Registers:
RAX=0x0000000000000070, RBX=0x000002a7971e4810, RCX=0x09bd8e000010e570, RDX=0x0000000000000000
RSP=0x000000dd097fe490, RBP=0x0000000000000039, RSI=0x09bd8e000010e570, RDI=0x09bd8e000010e570
R8 =0x0000000000000004, R9 =0x000002a73f792610, R10=0x0000000000000000, R11=0x0000000000000246
R12=0x0000000000000000, R13=0x0000000000000000, R14=0x0000000000000000, R15=0x00007ffe1598c648
RIP=0x00007ffe155a71a7, EFLAGS=0x0000000000010202

XMM[0]=0x0000000000000000 0x0000000000000000
XMM[1]=0x0000000000000000 0x0000000000000000
XMM[2]=0x0000000000000000 0x0000000000000000
XMM[3]=0x0000000000000000 0x0000000000000000
XMM[4]=0x0000000000000000 0x0000000000000000
XMM[5]=0x0000000000000000 0x0000000000000000
XMM[6]=0x0000000000000000 0x0000000000000000
XMM[7]=0x0000000000000000 0x404e000000000000
XMM[8]=0x0000000000000000 0x0000000000000000
XMM[9]=0x0000000000000000 0x0000000000000000
XMM[10]=0x0000000000000000 0x0000000000000000
XMM[11]=0x0000000000000000 0x0000000000000000
XMM[12]=0x0000000000000000 0x0000000000000000
XMM[13]=0x0000000000000000 0x0000000000000000
XMM[14]=0x0000000000000000 0x0000000000000000
XMM[15]=0x0000000000000000 0x0000000000000000
  MXCSR=0x00001fa0


Register to memory mapping:

RAX=0x0000000000000070 is an unknown value
RBX=0x000002a7971e4810 points into unknown readable memory: 0x0000000000000000 | 00 00 00 00 00 00 00 00
RCX=0x09bd8e000010e570 is an unknown value
RDX=0x0 is null
RSP=0x000000dd097fe490 points into unknown readable memory: 0x00000000000003d8 | d8 03 00 00 00 00 00 00
RBP=0x0000000000000039 is an unknown value
RSI=0x09bd8e000010e570 is an unknown value
RDI=0x09bd8e000010e570 is an unknown value
R8 =0x0000000000000004 is an unknown value
R9 =0x000002a73f792610 points into unknown readable memory: 0x0000000000000002 | 02 00 00 00 00 00 00 00
R10=0x0 is null
R11=0x0000000000000246 is an unknown value
R12=0x0 is null
R13=0x0 is null
R14=0x0 is null
R15=0x00007ffe1598c648 jvm.dll

Top of Stack: (sp=0x000000dd097fe490)
0x000000dd097fe490:   00000000000003d8 000002a73f794c00
0x000000dd097fe4a0:   0000000000000178 000002a73f792610
0x000000dd097fe4b0:   00007ffe1599f030 00007ffe15142900
0x000000dd097fe4c0:   00007ffe1598c648 00000000000001c8
0x000000dd097fe4d0:   0000000000000000 0000000000000000
0x000000dd097fe4e0:   09bd8e000010e570 00007ffe152e238d
0x000000dd097fe4f0:   00000000000003d8 0000000000000000
0x000000dd097fe500:   0000000000000039 000002a75778e820
0x000000dd097fe510:   0000000000000000 000002a73d311690
0x000000dd097fe520:   0000000000000000 0000000000000001
0x000000dd097fe530:   000000dd097fe5b8 00007ffe154cedcc
0x000000dd097fe540:   000002a75778e820 000000dd097fe5b8
0x000000dd097fe550:   000002a75778e820 000002a73d32e080
0x000000dd097fe560:   00007ffe1598c648 00000000000001fe
0x000000dd097fe570:   ffffffffffffff00 0000000000000004
0x000000dd097fe580:   00000000000000c7 0000000000000000
0x000000dd097fe590:   0000000000000001 000002a7af6801c0
0x000000dd097fe5a0:   000002a7af684200 0000000000000000
0x000000dd097fe5b0:   000002a73f73d300 00007ffe15b5f4a0
0x000000dd097fe5c0:   000000dd097fe6d0 00007ffe1562ceec
0x000000dd097fe5d0:   000000dd097fec30 0000000000000001
0x000000dd097fe5e0:   000002a73d32e080 00007ffe15b5f4a0
0x000000dd097fe5f0:   0000000000000000 0000000000000000
0x000000dd097fe600:   00007ffe1592f860 00007ffe15b5f4a0
0x000000dd097fe610:   0000000000000000 000000000000017a
0x000000dd097fe620:   00007ffe15933750 3f11615153afaa00
0x000000dd097fe630:   00007ffe1594cef0 000002000000000b
0x000000dd097fe640:   000000dd00000002 00007ffe15bb30c0
0x000000dd097fe650:   0000000000000002 00007ffe15bb3130
0x000000dd097fe660:   ffffffffffffffff 0000000000000000
0x000000dd097fe670:   0000000000000000 00007ffe15933768
0x000000dd097fe680:   00007ffe1594cef0 00007ffe15b5f4b0 

Instructions: (pc=0x00007ffe155a71a7)
0x00007ffe155a70a7:   70 2c 00 48 8b 7c 24 50 4c 8b 64 24 58 48 8b 5c
0x00007ffe155a70b7:   24 60 48 8b 6c 24 68 48 83 c4 30 41 5f 41 5e 5e
0x00007ffe155a70c7:   c3 48 8b cb e8 90 2a ac ff 0f b6 c0 4c 8d 0d 2e
0x00007ffe155a70d7:   7b 3f 00 41 b8 73 05 00 00 89 44 24 20 48 8d 15
0x00007ffe155a70e7:   35 7b 3f 00 b9 00 00 00 e0 e8 1b 99 bf ff cc 48
0x00007ffe155a70f7:   8b cb e8 62 2a ac ff 0f b6 c0 4c 8d 0d 00 7b 3f
0x00007ffe155a7107:   00 41 b8 f1 06 00 00 89 44 24 20 48 8d 15 07 7b
0x00007ffe155a7117:   3f 00 b9 00 00 00 e0 e8 ed 98 bf ff cc 48 8b cb
0x00007ffe155a7127:   e8 34 2a ac ff 0f b6 c0 4c 8d 0d d2 7a 3f 00 41
0x00007ffe155a7137:   b8 73 05 00 00 89 44 24 20 48 8d 15 d9 7a 3f 00
0x00007ffe155a7147:   b9 00 00 00 e0 e8 bf 98 bf ff cc cc cc cc cc cc
0x00007ffe155a7157:   cc cc cc cc cc cc cc cc cc 48 89 5c 24 10 48 89
0x00007ffe155a7167:   6c 24 18 48 89 74 24 20 57 41 54 41 55 41 56 41
0x00007ffe155a7177:   57 48 83 ec 30 65 48 8b 04 25 58 00 00 00 44 0f
0x00007ffe155a7187:   b6 f2 44 8b 05 58 e3 65 00 48 8b f1 4a 8b 1c c0
0x00007ffe155a7197:   b8 70 00 00 00 80 3c 18 00 75 05 e8 89 5d 2c 00
0x00007ffe155a71a7:   83 be 00 01 00 00 00 b8 20 00 00 00 48 8b 04 18
0x00007ffe155a71b7:   48 8b a8 18 03 00 00 48 8b 7d 28 4c 8b 7d 10 4c
0x00007ffe155a71c7:   8b 65 18 4c 8b 6d 20 48 89 7c 24 60 7e 65 48 8d
0x00007ffe155a71d7:   8e 08 01 00 00 e8 7f 0d 00 00 48 8b f8 48 85 c0
0x00007ffe155a71e7:   74 4c 0f 1f 80 00 00 00 00 48 8b 07 41 0f b6 d6
0x00007ffe155a71f7:   48 8b cf ff 90 80 00 00 00 8b 5f 08 48 8b cf 48
0x00007ffe155a7207:   8b 07 2b de ff 10 8d 48 e0 8d 0c cb 3b 8e 00 01
0x00007ffe155a7217:   00 00 7d 1a 48 63 c9 48 81 c1 08 01 00 00 48 03
0x00007ffe155a7227:   ce e8 33 0d 00 00 48 8b f8 48 85 c0 75 bb 48 8b
0x00007ffe155a7237:   7c 24 60 48 63 86 04 01 00 00 83 f8 fe 74 35 48
0x00007ffe155a7247:   8d 88 08 01 00 00 48 03 ce e8 0b 0d 00 00 48 8b
0x00007ffe155a7257:   c8 48 8b d8 48 8b 10 ff 52 68 33 c9 84 c0 48 0f
0x00007ffe155a7267:   45 cb 48 85 c9 74 0d 48 8b 01 41 0f b6 d6 ff 90
0x00007ffe155a7277:   80 00 00 00 48 8d 05 ae 7d 3f 00 44 88 74 24 28
0x00007ffe155a7287:   48 8d 54 24 20 48 89 44 24 20 48 8b ce e8 87 fc
0x00007ffe155a7297:   ff ff 49 83 3f 00 74 13 48 8b d7 48 8b cd e8 a6 


Stack slot to memory mapping:

stack at sp + 0 slots: 0x00000000000003d8 is an unknown value
stack at sp + 1 slots: 0x000002a73f794c00 points into unknown readable memory: 0x00007ffe15926d00 | 00 6d 92 15 fe 7f 00 00
stack at sp + 2 slots: 0x0000000000000178 is an unknown value
stack at sp + 3 slots: 0x000002a73f792610 points into unknown readable memory: 0x0000000000000002 | 02 00 00 00 00 00 00 00
stack at sp + 4 slots: 0x00007ffe1599f030 jvm.dll
stack at sp + 5 slots: 0x00007ffe15142900 jvm.dll
stack at sp + 6 slots: 0x00007ffe1598c648 jvm.dll
stack at sp + 7 slots: 0x00000000000001c8 is an unknown value

VM_Operation (0x000000dd092fed30): ParallelGCFailedAllocation, mode: safepoint, requested by thread 0x000002a7ae2bf580


---------------  P R O C E S S  ---------------

Threads class SMR info:
_java_thread_list=0x000002a7ad674fa0, length=54, elements={
0x000002a73d32a7b0, 0x000002a73f7c3370, 0x000002a7971fd900, 0x000002a73f7c5e90,
0x000002a73f7c6c60, 0x000002a73f7d2110, 0x000002a73f7dbd50, 0x000002a7985aaad0,
0x000002a7985cc7c0, 0x000002a73f7dc3e0, 0x000002a73f7dca70, 0x000002a73f7dd100,
0x000002a73f7db030, 0x000002a73f7db6c0, 0x000002a73f7dde20, 0x000002a73f7da9a0,
0x000002a79f117220, 0x000002a79f1178b0, 0x000002a79f114ac0, 0x000002a79f115150,
0x000002a79f1192f0, 0x000002a79f119980, 0x000002a79f116500, 0x000002a79f11a010,
0x000002a79f11ba50, 0x000002a79f11c0e0, 0x000002a79f11a6a0, 0x000002a79f11ad30,
0x000002a79f11b3c0, 0x000002a7a21eb4a0, 0x000002a7a21ea0f0, 0x000002a7a21ea780,
0x000002a7a21e9a60, 0x000002a7a21ebb30, 0x000002a7a21e8d40, 0x000002a7a21e93d0,
0x000002a7a21ecee0, 0x000002a7a21ec1c0, 0x000002a7a21ec850, 0x000002a7a21edc00,
0x000002a7a3cd7300, 0x000002a7a3cd6c70, 0x000002a7a3cd4510, 0x000002a7a3cd5230,
0x000002a7ae2be860, 0x000002a7ae2bc100, 0x000002a7ae2beef0, 0x000002a7ae2bf580,
0x000002a7ae2bfc10, 0x000002a7ae2bc790, 0x000002a7ae2c02a0, 0x000002a7ae2bdb40,
0x000002a7ae2c1650, 0x000002a7aef8a3c0
}

Java Threads: ( => current thread )
  0x000002a73d32a7b0 JavaThread "main"                              [_thread_blocked, id=19320, stack(0x000000dd09400000,0x000000dd09500000) (1024K)]
  0x000002a73f7c3370 JavaThread "Reference Handler"          daemon [_thread_blocked, id=1908, stack(0x000000dd09800000,0x000000dd09900000) (1024K)]
  0x000002a7971fd900 JavaThread "Finalizer"                  daemon [_thread_blocked, id=4672, stack(0x000000dd09900000,0x000000dd09a00000) (1024K)]
  0x000002a73f7c5e90 JavaThread "Signal Dispatcher"          daemon [_thread_blocked, id=18128, stack(0x000000dd09a00000,0x000000dd09b00000) (1024K)]
  0x000002a73f7c6c60 JavaThread "Attach Listener"            daemon [_thread_blocked, id=19196, stack(0x000000dd09b00000,0x000000dd09c00000) (1024K)]
  0x000002a73f7d2110 JavaThread "Service Thread"             daemon [_thread_blocked, id=12144, stack(0x000000dd09c00000,0x000000dd09d00000) (1024K)]
  0x000002a73f7dbd50 JavaThread "Monitor Deflation Thread"   daemon [_thread_blocked, id=12888, stack(0x000000dd09d00000,0x000000dd09e00000) (1024K)]
  0x000002a7985aaad0 JavaThread "C2 CompilerThread0"         daemon [_thread_blocked, id=8204, stack(0x000000dd09e00000,0x000000dd09f00000) (1024K)]
  0x000002a7985cc7c0 JavaThread "C1 CompilerThread0"         daemon [_thread_blocked, id=2444, stack(0x000000dd09f00000,0x000000dd0a000000) (1024K)]
  0x000002a73f7dc3e0 JavaThread "Common-Cleaner"             daemon [_thread_blocked, id=3076, stack(0x000000dd0a000000,0x000000dd0a100000) (1024K)]
  0x000002a73f7dca70 JavaThread "Notification Thread"        daemon [_thread_blocked, id=7576, stack(0x000000dd0a500000,0x000000dd0a600000) (1024K)]
  0x000002a73f7dd100 JavaThread "Active Thread: Equinox Container: 2ad772a8-815d-434e-8c1b-28076817e960"        [_thread_blocked, id=19696, stack(0x000000dd0ae00000,0x000000dd0af00000) (1024K)]
  0x000002a73f7db030 JavaThread "Refresh Thread: Equinox Container: 2ad772a8-815d-434e-8c1b-28076817e960" daemon [_thread_blocked, id=20536, stack(0x000000dd0a300000,0x000000dd0a400000) (1024K)]
  0x000002a73f7db6c0 JavaThread "Framework Event Dispatcher: Equinox Container: 2ad772a8-815d-434e-8c1b-28076817e960" daemon [_thread_blocked, id=20544, stack(0x000000dd0a400000,0x000000dd0a500000) (1024K)]
  0x000002a73f7dde20 JavaThread "Start Level: Equinox Container: 2ad772a8-815d-434e-8c1b-28076817e960" daemon [_thread_blocked, id=20548, stack(0x000000dd0a600000,0x000000dd0a700000) (1024K)]
  0x000002a73f7da9a0 JavaThread "Bundle File Closer"         daemon [_thread_blocked, id=20760, stack(0x000000dd0b300000,0x000000dd0b400000) (1024K)]
  0x000002a79f117220 JavaThread "SCR Component Actor"        daemon [_thread_blocked, id=20988, stack(0x000000dd0b100000,0x000000dd0b200000) (1024K)]
  0x000002a79f1178b0 JavaThread "Worker-JM"                         [_thread_blocked, id=21016, stack(0x000000dd0b900000,0x000000dd0ba00000) (1024K)]
  0x000002a79f114ac0 JavaThread "JNA Cleaner"                daemon [_thread_blocked, id=21100, stack(0x000000dd0bb00000,0x000000dd0bc00000) (1024K)]
  0x000002a79f115150 JavaThread "Java indexing"              daemon [_thread_blocked, id=21128, stack(0x000000dd0bf00000,0x000000dd0c000000) (1024K)]
  0x000002a79f1192f0 JavaThread "Thread-2"                   daemon [_thread_in_native, id=21152, stack(0x000000dd0c500000,0x000000dd0c600000) (1024K)]
  0x000002a79f119980 JavaThread "Thread-3"                   daemon [_thread_in_native, id=21156, stack(0x000000dd0c600000,0x000000dd0c700000) (1024K)]
  0x000002a79f116500 JavaThread "Thread-4"                   daemon [_thread_in_native, id=21160, stack(0x000000dd0c700000,0x000000dd0c800000) (1024K)]
  0x000002a79f11a010 JavaThread "Thread-5"                   daemon [_thread_in_native, id=21164, stack(0x000000dd0c800000,0x000000dd0c900000) (1024K)]
  0x000002a79f11ba50 JavaThread "Thread-6"                   daemon [_thread_in_native, id=21168, stack(0x000000dd0c900000,0x000000dd0ca00000) (1024K)]
  0x000002a79f11c0e0 JavaThread "Thread-7"                   daemon [_thread_in_native, id=21172, stack(0x000000dd0ca00000,0x000000dd0cb00000) (1024K)]
  0x000002a79f11a6a0 JavaThread "Thread-8"                   daemon [_thread_in_native, id=21176, stack(0x000000dd0cb00000,0x000000dd0cc00000) (1024K)]
  0x000002a79f11ad30 JavaThread "Thread-9"                   daemon [_thread_in_native, id=21180, stack(0x000000dd0cc00000,0x000000dd0cd00000) (1024K)]
  0x000002a79f11b3c0 JavaThread "Thread-10"                  daemon [_thread_in_native, id=21184, stack(0x000000dd0cd00000,0x000000dd0ce00000) (1024K)]
  0x000002a7a21eb4a0 JavaThread "Thread-11"                  daemon [_thread_in_native, id=21188, stack(0x000000dd0ce00000,0x000000dd0cf00000) (1024K)]
  0x000002a7a21ea0f0 JavaThread "Thread-12"                  daemon [_thread_in_native, id=21192, stack(0x000000dd0cf00000,0x000000dd0d000000) (1024K)]
  0x000002a7a21ea780 JavaThread "Thread-13"                  daemon [_thread_in_native, id=21196, stack(0x000000dd0d000000,0x000000dd0d100000) (1024K)]
  0x000002a7a21e9a60 JavaThread "Thread-14"                  daemon [_thread_in_native, id=21200, stack(0x000000dd0d100000,0x000000dd0d200000) (1024K)]
  0x000002a7a21ebb30 JavaThread "Thread-15"                  daemon [_thread_in_native, id=21204, stack(0x000000dd0d200000,0x000000dd0d300000) (1024K)]
  0x000002a7a21e8d40 JavaThread "Thread-16"                  daemon [_thread_in_native, id=21208, stack(0x000000dd0d300000,0x000000dd0d400000) (1024K)]
  0x000002a7a21e93d0 JavaThread "Thread-17"                  daemon [_thread_blocked, id=21212, stack(0x000000dd0d400000,0x000000dd0d500000) (1024K)]
  0x000002a7a21ecee0 JavaThread "Thread-18"                  daemon [_thread_in_native, id=21216, stack(0x000000dd0d500000,0x000000dd0d600000) (1024K)]
  0x000002a7a21ec1c0 JavaThread "pool-2-thread-1"                   [_thread_blocked, id=21220, stack(0x000000dd0d600000,0x000000dd0d700000) (1024K)]
  0x000002a7a21ec850 JavaThread "WorkspaceEventsHandler"            [_thread_blocked, id=21240, stack(0x000000dd0db00000,0x000000dd0dc00000) (1024K)]
  0x000002a7a21edc00 JavaThread "pool-1-thread-1"                   [_thread_blocked, id=21244, stack(0x000000dd0dc00000,0x000000dd0dd00000) (1024K)]
  0x000002a7a3cd7300 JavaThread "Cleaner-0"                  daemon [_thread_blocked, id=21756, stack(0x000000dd11900000,0x000000dd11a00000) (1024K)]
  0x000002a7a3cd6c70 JavaThread "Java Debug Server"          daemon [_thread_in_native, id=19648, stack(0x000000dd0e100000,0x000000dd0e200000) (1024K)]
  0x000002a7a3cd4510 JavaThread "RxSchedulerPurge-1"         daemon [_thread_blocked, id=9740, stack(0x000000dd0e300000,0x000000dd0e400000) (1024K)]
  0x000002a7a3cd5230 JavaThread "RxCachedWorkerPoolEvictor-1" daemon [_thread_blocked, id=19604, stack(0x000000dd0e400000,0x000000dd0e500000) (1024K)]
  0x000002a7ae2be860 JavaThread "Worker-16"                         [_thread_blocked, id=17424, stack(0x000000dd0c000000,0x000000dd0c100000) (1024K)]
  0x000002a7ae2bc100 JavaThread "Worker-18"                         [_thread_blocked, id=16472, stack(0x000000dd0c300000,0x000000dd0c400000) (1024K)]
  0x000002a7ae2beef0 JavaThread "ForkJoinPool.commonPool-worker-52" daemon [_thread_blocked, id=17820, stack(0x000000dd09100000,0x000000dd09200000) (1024K)]
  0x000002a7ae2bf580 JavaThread "ForkJoinPool.commonPool-worker-53" daemon [_thread_blocked, id=23096, stack(0x000000dd09200000,0x000000dd09300000) (1024K)]
  0x000002a7ae2bfc10 JavaThread "ForkJoinPool.commonPool-worker-54" daemon [_thread_blocked, id=5908, stack(0x000000dd09300000,0x000000dd09400000) (1024K)]
  0x000002a7ae2bc790 JavaThread "ForkJoinPool.commonPool-worker-55" daemon [_thread_blocked, id=22024, stack(0x000000dd0a100000,0x000000dd0a200000) (1024K)]
  0x000002a7ae2c02a0 JavaThread "ForkJoinPool.commonPool-worker-56" daemon [_thread_blocked, id=24652, stack(0x000000dd0b200000,0x000000dd0b300000) (1024K)]
  0x000002a7ae2bdb40 JavaThread "ForkJoinPool.commonPool-worker-57" daemon [_thread_blocked, id=21888, stack(0x000000dd0b500000,0x000000dd0b600000) (1024K)]
  0x000002a7ae2c1650 JavaThread "ForkJoinPool.commonPool-worker-58" daemon [_thread_blocked, id=19048, stack(0x000000dd0b600000,0x000000dd0b700000) (1024K)]
  0x000002a7aef8a3c0 JavaThread "ForkJoinPool.commonPool-worker-59" daemon [_thread_blocked, id=14820, stack(0x000000dd0b700000,0x000000dd0b800000) (1024K)]
Total: 54

Other Threads:
=>0x000002a7971e40a0 VMThread "VM Thread"                           [id=17244, stack(0x000000dd09700000,0x000000dd09800000) (1024K)]
  0x000002a73f788410 WatcherThread "VM Periodic Task Thread"        [id=11540, stack(0x000000dd09600000,0x000000dd09700000) (1024K)]
  0x000002a73f73a6d0 WorkerThread "GC Thread#0"                     [id=1952, stack(0x000000dd09500000,0x000000dd09600000) (1024K)]
  0x000002a79e763f30 WorkerThread "GC Thread#1"                     [id=4136, stack(0x000000dd0a700000,0x000000dd0a800000) (1024K)]
  0x000002a79e7642d0 WorkerThread "GC Thread#2"                     [id=2440, stack(0x000000dd0a800000,0x000000dd0a900000) (1024K)]
  0x000002a79e442320 WorkerThread "GC Thread#3"                     [id=7428, stack(0x000000dd0a900000,0x000000dd0aa00000) (1024K)]
  0x000002a79e4426c0 WorkerThread "GC Thread#4"                     [id=13656, stack(0x000000dd0aa00000,0x000000dd0ab00000) (1024K)]
  0x000002a79e442a60 WorkerThread "GC Thread#5"                     [id=4960, stack(0x000000dd0ab00000,0x000000dd0ac00000) (1024K)]
  0x000002a79e442e00 WorkerThread "GC Thread#6"                     [id=12276, stack(0x000000dd0ac00000,0x000000dd0ad00000) (1024K)]
  0x000002a79e9a45f0 WorkerThread "GC Thread#7"                     [id=19860, stack(0x000000dd0af00000,0x000000dd0b000000) (1024K)]
  0x000002a79ee2c820 WorkerThread "GC Thread#8"                     [id=20728, stack(0x000000dd0a200000,0x000000dd0a300000) (1024K)]
  0x000002a79ee2cf60 WorkerThread "GC Thread#9"                     [id=20732, stack(0x000000dd0ad00000,0x000000dd0ae00000) (1024K)]
  0x000002a79ee2d300 WorkerThread "GC Thread#10"                    [id=20736, stack(0x000000dd0b000000,0x000000dd0b100000) (1024K)]
  0x000002a79ee2d6a0 WorkerThread "GC Thread#11"                    [id=20996, stack(0x000000dd0b400000,0x000000dd0b500000) (1024K)]
  0x000002a79ee2c0e0 WorkerThread "GC Thread#12"                    [id=21096, stack(0x000000dd0ba00000,0x000000dd0bb00000) (1024K)]
Total: 15

Threads with active compile tasks:
Total: 0

VM state: at safepoint (normal execution)

VM Mutex/Monitor currently owned by a thread:  ([mutex/lock_event])
[0x00007ffe15bd5458] Threads_lock - owner thread: 0x000002a7971e40a0
[0x00007ffe15bd5558] Heap_lock - owner thread: 0x000002a7ae2bf580

Heap address: 0x0000000080000000, size: 2048 MB, Compressed Oops mode: 32-bit

CDS archive(s) mapped at: [0x000002a756000000-0x000002a756ba0000-0x000002a756ba0000), size 12189696, SharedBaseAddress: 0x000002a756000000, ArchiveRelocationMode: 1.
Compressed class space mapped at: 0x000002a757000000-0x000002a797000000, reserved size: 1073741824
Narrow klass base: 0x000002a756000000, Narrow klass shift: 0, Narrow klass range: 0x100000000

GC Precious Log:
 CardTable entry size: 512
 CPUs: 16 total, 16 available
 Memory: 15479M
 Large Page Support: Disabled
 NUMA Support: Disabled
 Compressed Oops: Enabled (32-bit)
 Alignments: Space 512K, Generation 512K, Heap 2M
 Heap Min Capacity: 100M
 Heap Initial Capacity: 100M
 Heap Max Capacity: 2G
 Pre-touch: Disabled
 Parallel Workers: 13

Heap:
 PSYoungGen      total 2560K, used 2541K [0x00000000d5580000, 0x00000000d6200000, 0x0000000100000000)
  eden space 1536K, 100% used [0x00000000d5580000,0x00000000d5700000,0x00000000d5700000)
  from space 1024K, 98% used [0x00000000d5b80000,0x00000000d5c7b7e0,0x00000000d5c80000)
  to   space 4608K, 0% used [0x00000000d5700000,0x00000000d5700000,0x00000000d5b80000)
 ParOldGen       total 1398272K, used 1397871K [0x0000000080000000, 0x00000000d5580000, 0x00000000d5580000)
  object space 1398272K, 99% used [0x0000000080000000,0x00000000d551bd18,0x00000000d5580000)
 Metaspace       used 99471K, committed 101120K, reserved 1179648K
  class space    used 10276K, committed 11008K, reserved 1048576K

Card table byte_map: [0x000002a73f0d0000,0x000002a73f4e0000] _byte_map_base: 0x000002a73ecd0000

Marking Bits: (ParMarkBitMap*) 0x00007ffe15bda340
 Begin Bits: [0x000002a751bc0000, 0x000002a753bc0000)
 End Bits:   [0x000002a753bc0000, 0x000002a755bc0000)

Polling page: 0x000002a73daa0000

Metaspace:

Usage:
  Non-class:     87.10 MB used.
      Class:     10.04 MB used.
       Both:     97.14 MB used.

Virtual space:
  Non-class space:      128.00 MB reserved,      88.00 MB ( 69%) committed,  2 nodes.
      Class space:        1.00 GB reserved,      10.75 MB (  1%) committed,  1 nodes.
             Both:        1.12 GB reserved,      98.75 MB (  9%) committed. 

Chunk freelists:
   Non-Class:  7.70 MB
       Class:  5.28 MB
        Both:  12.98 MB

MaxMetaspaceSize: unlimited
CompressedClassSpaceSize: 1.00 GB
Initial GC threshold: 21.00 MB
Current GC threshold: 158.38 MB
CDS: on
 - commit_granule_bytes: 65536.
 - commit_granule_words: 8192.
 - virtual_space_node_default_size: 8388608.
 - enlarge_chunks_in_place: 1.
 - use_allocation_guard: 0.


Internal statistics:

num_allocs_failed_limit: 9.
num_arena_births: 1986.
num_arena_deaths: 332.
num_vsnodes_births: 3.
num_vsnodes_deaths: 0.
num_space_committed: 1580.
num_space_uncommitted: 0.
num_chunks_returned_to_freelist: 384.
num_chunks_taken_from_freelist: 7113.
num_chunk_merges: 100.
num_chunk_splits: 4087.
num_chunks_enlarged: 2138.
num_inconsistent_stats: 0.

CodeHeap 'non-profiled nmethods': size=119168Kb used=22259Kb max_used=27433Kb free=96909Kb
 bounds [0x000002a74a4b0000, 0x000002a74bf80000, 0x000002a751910000]
CodeHeap 'profiled nmethods': size=119104Kb used=45937Kb max_used=56363Kb free=73167Kb
 bounds [0x000002a742910000, 0x000002a746020000, 0x000002a749d60000]
CodeHeap 'non-nmethods': size=7488Kb used=1572Kb max_used=3340Kb free=5915Kb
 bounds [0x000002a749d60000, 0x000002a74a0c0000, 0x000002a74a4b0000]
CodeCache: size=245760Kb, used=69768Kb, max_used=87136Kb, free=175991Kb
 total_blobs=19909, nmethods=19017, adapters=792, full_count=0
Compilation: enabled, stopped_count=0, restarted_count=0

Compilation events (20 events):
Event: 5742.371 Thread 0x000002a7985aaad0 26909       4       java.util.concurrent.ThreadPoolExecutor$Worker::lock (6 bytes)
Event: 5742.372 Thread 0x000002a7985aaad0 nmethod 26909 0x000002a74bf70b90 code [0x000002a74bf70d20, 0x000002a74bf70e00]
Event: 5750.359 Thread 0x000002a7985aaad0 26910   !   4       java.util.concurrent.ThreadPoolExecutor::getTask (177 bytes)
Event: 5750.375 Thread 0x000002a7985aaad0 nmethod 26910 0x000002a74bf70f10 code [0x000002a74bf71340, 0x000002a74bf73060]
Event: 5775.365 Thread 0x000002a7985aaad0 26911       4       java.util.concurrent.Executors$RunnableAdapter::call (14 bytes)
Event: 5775.365 Thread 0x000002a7985aaad0 nmethod 26911 0x000002a74bf74990 code [0x000002a74bf74b20, 0x000002a74bf74be0]
Event: 5920.372 Thread 0x000002a7985aaad0 26912       4       java.util.concurrent.ScheduledThreadPoolExecutor$DelayedWorkQueue::add (9 bytes)
Event: 5920.375 Thread 0x000002a7985aaad0 nmethod 26912 0x000002a74bf74c90 code [0x000002a74bf74ec0, 0x000002a74bf75440]
Event: 5923.365 Thread 0x000002a7985aaad0 26913       4       java.util.concurrent.ScheduledThreadPoolExecutor$ScheduledFutureTask::run (57 bytes)
Event: 5923.373 Thread 0x000002a7985aaad0 nmethod 26913 0x000002a74bf75a10 code [0x000002a74bf75ce0, 0x000002a74bf768a8]
Event: 14203.500 Thread 0x000002a7985aaad0 26914       4       java.util.concurrent.ConcurrentHashMap::keySet (26 bytes)
Event: 14203.508 Thread 0x000002a7985aaad0 nmethod 26914 0x000002a74bf77510 code [0x000002a74bf776a0, 0x000002a74bf77750]
Event: 14302.486 Thread 0x000002a7985aaad0 26915       4       java.lang.invoke.LambdaForm$MH/0x000002a757889000::invoke (63 bytes)
Event: 14302.486 Thread 0x000002a7985cc7c0 26917       1       org.eclipse.jdt.internal.compiler.ASTVisitor::visit (2 bytes)
Event: 14302.487 Thread 0x000002a7985cc7c0 nmethod 26917 0x000002a74bf77810 code [0x000002a74bf779a0, 0x000002a74bf77a68]
Event: 14302.487 Thread 0x000002a7985aaad0 nmethod 26915 0x000002a74bf77b10 code [0x000002a74bf77ca0, 0x000002a74bf77db0]
Event: 14302.487 Thread 0x000002a7985aaad0 26916       4       java.io.WinNTFileSystem::resolve (326 bytes)
Event: 14302.493 Thread 0x000002a7985aaad0 nmethod 26916 0x000002a74bf77f90 code [0x000002a74bf78200, 0x000002a74bf792f8]
Event: 14310.960 Thread 0x000002a7985aaad0 26918       4       org.eclipse.jdt.internal.codeassist.select.SelectionParser::restartRecovery (123 bytes)
Event: 14310.962 Thread 0x000002a7985aaad0 nmethod 26918 0x000002a74bf79f10 code [0x000002a74bf7a0c0, 0x000002a74bf7a350]

GC Heap History (20 events):
Event: 14203.508 GC heap after
{Heap after GC invocations=4256 (full 5):
 PSYoungGen      total 4608K, used 320K [0x00000000d5580000, 0x00000000d5d80000, 0x0000000100000000)
  eden space 4096K, 0% used [0x00000000d5580000,0x00000000d5580000,0x00000000d5980000)
  from space 512K, 62% used [0x00000000d5c80000,0x00000000d5cd0000,0x00000000d5d00000)
  to   space 512K, 0% used [0x00000000d5d00000,0x00000000d5d00000,0x00000000d5d80000)
 ParOldGen       total 1390592K, used 1390353K [0x0000000080000000, 0x00000000d4e00000, 0x00000000d5580000)
  object space 1390592K, 99% used [0x0000000080000000,0x00000000d4dc44a8,0x00000000d4e00000)
 Metaspace       used 99471K, committed 101120K, reserved 1179648K
  class space    used 10276K, committed 11008K, reserved 1048576K
}
Event: 14203.511 GC heap before
{Heap before GC invocations=4257 (full 5):
 PSYoungGen      total 4608K, used 4415K [0x00000000d5580000, 0x00000000d5d80000, 0x0000000100000000)
  eden space 4096K, 99% used [0x00000000d5580000,0x00000000d597fff8,0x00000000d5980000)
  from space 512K, 62% used [0x00000000d5c80000,0x00000000d5cd0000,0x00000000d5d00000)
  to   space 512K, 0% used [0x00000000d5d00000,0x00000000d5d00000,0x00000000d5d80000)
 ParOldGen       total 1390592K, used 1390353K [0x0000000080000000, 0x00000000d4e00000, 0x00000000d5580000)
  object space 1390592K, 99% used [0x0000000080000000,0x00000000d4dc44a8,0x00000000d4e00000)
 Metaspace       used 99471K, committed 101120K, reserved 1179648K
  class space    used 10276K, committed 11008K, reserved 1048576K
}
Event: 14203.512 GC heap after
{Heap after GC invocations=4257 (full 5):
 PSYoungGen      total 4608K, used 32K [0x00000000d5580000, 0x00000000d5d80000, 0x0000000100000000)
  eden space 4096K, 0% used [0x00000000d5580000,0x00000000d5580000,0x00000000d5980000)
  from space 512K, 6% used [0x00000000d5d00000,0x00000000d5d08000,0x00000000d5d80000)
  to   space 512K, 0% used [0x00000000d5c80000,0x00000000d5c80000,0x00000000d5d00000)
 ParOldGen       total 1390592K, used 1390401K [0x0000000080000000, 0x00000000d4e00000, 0x00000000d5580000)
  object space 1390592K, 99% used [0x0000000080000000,0x00000000d4dd04a8,0x00000000d4e00000)
 Metaspace       used 99471K, committed 101120K, reserved 1179648K
  class space    used 10276K, committed 11008K, reserved 1048576K
}
Event: 14303.371 GC heap before
{Heap before GC invocations=4258 (full 5):
 PSYoungGen      total 4608K, used 4128K [0x00000000d5580000, 0x00000000d5d80000, 0x0000000100000000)
  eden space 4096K, 100% used [0x00000000d5580000,0x00000000d5980000,0x00000000d5980000)
  from space 512K, 6% used [0x00000000d5d00000,0x00000000d5d08000,0x00000000d5d80000)
  to   space 512K, 0% used [0x00000000d5c80000,0x00000000d5c80000,0x00000000d5d00000)
 ParOldGen       total 1390592K, used 1390401K [0x0000000080000000, 0x00000000d4e00000, 0x00000000d5580000)
  object space 1390592K, 99% used [0x0000000080000000,0x00000000d4dd04a8,0x00000000d4e00000)
 Metaspace       used 99471K, committed 101120K, reserved 1179648K
  class space    used 10276K, committed 11008K, reserved 1048576K
}
Event: 14303.372 GC heap after
{Heap after GC invocations=4258 (full 5):
 PSYoungGen      total 4608K, used 480K [0x00000000d5580000, 0x00000000d5d80000, 0x0000000100000000)
  eden space 4096K, 0% used [0x00000000d5580000,0x00000000d5580000,0x00000000d5980000)
  from space 512K, 93% used [0x00000000d5c80000,0x00000000d5cf8020,0x00000000d5d00000)
  to   space 512K, 0% used [0x00000000d5d00000,0x00000000d5d00000,0x00000000d5d80000)
 ParOldGen       total 1390592K, used 1390401K [0x0000000080000000, 0x00000000d4e00000, 0x00000000d5580000)
  object space 1390592K, 99% used [0x0000000080000000,0x00000000d4dd04a8,0x00000000d4e00000)
 Metaspace       used 99471K, committed 101120K, reserved 1179648K
  class space    used 10276K, committed 11008K, reserved 1048576K
}
Event: 14310.959 GC heap before
{Heap before GC invocations=4259 (full 5):
 PSYoungGen      total 4608K, used 4576K [0x00000000d5580000, 0x00000000d5d80000, 0x0000000100000000)
  eden space 4096K, 100% used [0x00000000d5580000,0x00000000d5980000,0x00000000d5980000)
  from space 512K, 93% used [0x00000000d5c80000,0x00000000d5cf8020,0x00000000d5d00000)
  to   space 512K, 0% used [0x00000000d5d00000,0x00000000d5d00000,0x00000000d5d80000)
 ParOldGen       total 1390592K, used 1390401K [0x0000000080000000, 0x00000000d4e00000, 0x00000000d5580000)
  object space 1390592K, 99% used [0x0000000080000000,0x00000000d4dd04a8,0x00000000d4e00000)
 Metaspace       used 99471K, committed 101120K, reserved 1179648K
  class space    used 10276K, committed 11008K, reserved 1048576K
}
Event: 14310.960 GC heap after
{Heap after GC invocations=4259 (full 5):
 PSYoungGen      total 4608K, used 384K [0x00000000d5580000, 0x00000000d5d80000, 0x0000000100000000)
  eden space 4096K, 0% used [0x00000000d5580000,0x00000000d5580000,0x00000000d5980000)
  from space 512K, 75% used [0x00000000d5d00000,0x00000000d5d60000,0x00000000d5d80000)
  to   space 512K, 0% used [0x00000000d5c80000,0x00000000d5c80000,0x00000000d5d00000)
 ParOldGen       total 1390592K, used 1390569K [0x0000000080000000, 0x00000000d4e00000, 0x00000000d5580000)
  object space 1390592K, 99% used [0x0000000080000000,0x00000000d4dfa4c8,0x00000000d4e00000)
 Metaspace       used 99471K, committed 101120K, reserved 1179648K
  class space    used 10276K, committed 11008K, reserved 1048576K
}
Event: 14310.965 GC heap before
{Heap before GC invocations=4260 (full 5):
 PSYoungGen      total 4608K, used 4479K [0x00000000d5580000, 0x00000000d5d80000, 0x0000000100000000)
  eden space 4096K, 99% used [0x00000000d5580000,0x00000000d597fff0,0x00000000d5980000)
  from space 512K, 75% used [0x00000000d5d00000,0x00000000d5d60000,0x00000000d5d80000)
  to   space 512K, 0% used [0x00000000d5c80000,0x00000000d5c80000,0x00000000d5d00000)
 ParOldGen       total 1390592K, used 1390569K [0x0000000080000000, 0x00000000d4e00000, 0x00000000d5580000)
  object space 1390592K, 99% used [0x0000000080000000,0x00000000d4dfa4c8,0x00000000d4e00000)
 Metaspace       used 99471K, committed 101120K, reserved 1179648K
  class space    used 10276K, committed 11008K, reserved 1048576K
}
Event: 14310.966 GC heap after
{Heap after GC invocations=4260 (full 5):
 PSYoungGen      total 4608K, used 486K [0x00000000d5580000, 0x00000000d6180000, 0x0000000100000000)
  eden space 4096K, 0% used [0x00000000d5580000,0x00000000d5580000,0x00000000d5980000)
  from space 512K, 95% used [0x00000000d5c80000,0x00000000d5cf9bf0,0x00000000d5d00000)
  to   space 4096K, 0% used [0x00000000d5d80000,0x00000000d5d80000,0x00000000d6180000)
 ParOldGen       total 1393664K, used 1393212K [0x0000000080000000, 0x00000000d5100000, 0x00000000d5580000)
  object space 1393664K, 99% used [0x0000000080000000,0x00000000d508f168,0x00000000d5100000)
 Metaspace       used 99471K, committed 101120K, reserved 1179648K
  class space    used 10276K, committed 11008K, reserved 1048576K
}
Event: 14310.970 GC heap before
{Heap before GC invocations=4261 (full 5):
 PSYoungGen      total 4608K, used 4582K [0x00000000d5580000, 0x00000000d6180000, 0x0000000100000000)
  eden space 4096K, 100% used [0x00000000d5580000,0x00000000d5980000,0x00000000d5980000)
  from space 512K, 95% used [0x00000000d5c80000,0x00000000d5cf9bf0,0x00000000d5d00000)
  to   space 4096K, 0% used [0x00000000d5d80000,0x00000000d5d80000,0x00000000d6180000)
 ParOldGen       total 1393664K, used 1393212K [0x0000000080000000, 0x00000000d5100000, 0x00000000d5580000)
  object space 1393664K, 99% used [0x0000000080000000,0x00000000d508f168,0x00000000d5100000)
 Metaspace       used 99471K, committed 101120K, reserved 1179648K
  class space    used 10276K, committed 11008K, reserved 1048576K
}
Event: 14310.971 GC heap after
{Heap after GC invocations=4261 (full 5):
 PSYoungGen      total 7680K, used 3981K [0x00000000d5580000, 0x00000000d6280000, 0x0000000100000000)
  eden space 3584K, 0% used [0x00000000d5580000,0x00000000d5580000,0x00000000d5900000)
  from space 4096K, 97% used [0x00000000d5d80000,0x00000000d61637e0,0x00000000d6180000)
  to   space 4608K, 0% used [0x00000000d5900000,0x00000000d5900000,0x00000000d5d80000)
 ParOldGen       total 1393664K, used 1393562K [0x0000000080000000, 0x00000000d5100000, 0x00000000d5580000)
  object space 1393664K, 99% used [0x0000000080000000,0x00000000d50e6b18,0x00000000d5100000)
 Metaspace       used 99471K, committed 101120K, reserved 1179648K
  class space    used 10276K, committed 11008K, reserved 1048576K
}
Event: 14310.976 GC heap before
{Heap before GC invocations=4262 (full 5):
 PSYoungGen      total 7680K, used 7565K [0x00000000d5580000, 0x00000000d6280000, 0x0000000100000000)
  eden space 3584K, 100% used [0x00000000d5580000,0x00000000d5900000,0x00000000d5900000)
  from space 4096K, 97% used [0x00000000d5d80000,0x00000000d61637e0,0x00000000d6180000)
  to   space 4608K, 0% used [0x00000000d5900000,0x00000000d5900000,0x00000000d5d80000)
 ParOldGen       total 1393664K, used 1393562K [0x0000000080000000, 0x00000000d5100000, 0x00000000d5580000)
  object space 1393664K, 99% used [0x0000000080000000,0x00000000d50e6b18,0x00000000d5100000)
 Metaspace       used 99471K, committed 101120K, reserved 1179648K
  class space    used 10276K, committed 11008K, reserved 1048576K
}
Event: 14310.977 GC heap after
{Heap after GC invocations=4262 (full 5):
 PSYoungGen      total 6144K, used 2125K [0x00000000d5580000, 0x00000000d5f00000, 0x0000000100000000)
  eden space 3584K, 0% used [0x00000000d5580000,0x00000000d5580000,0x00000000d5900000)
  from space 2560K, 83% used [0x00000000d5900000,0x00000000d5b137e0,0x00000000d5b80000)
  to   space 3072K, 0% used [0x00000000d5c00000,0x00000000d5c00000,0x00000000d5f00000)
 ParOldGen       total 1394688K, used 1394506K [0x0000000080000000, 0x00000000d5200000, 0x00000000d5580000)
  object space 1394688K, 99% used [0x0000000080000000,0x00000000d51d2b18,0x00000000d5200000)
 Metaspace       used 99471K, committed 101120K, reserved 1179648K
  class space    used 10276K, committed 11008K, reserved 1048576K
}
Event: 14310.980 GC heap before
{Heap before GC invocations=4263 (full 5):
 PSYoungGen      total 6144K, used 5709K [0x00000000d5580000, 0x00000000d5f00000, 0x0000000100000000)
  eden space 3584K, 100% used [0x00000000d5580000,0x00000000d5900000,0x00000000d5900000)
  from space 2560K, 83% used [0x00000000d5900000,0x00000000d5b137e0,0x00000000d5b80000)
  to   space 3072K, 0% used [0x00000000d5c00000,0x00000000d5c00000,0x00000000d5f00000)
 ParOldGen       total 1394688K, used 1394506K [0x0000000080000000, 0x00000000d5200000, 0x00000000d5580000)
  object space 1394688K, 99% used [0x0000000080000000,0x00000000d51d2b18,0x00000000d5200000)
 Metaspace       used 99471K, committed 101120K, reserved 1179648K
  class space    used 10276K, committed 11008K, reserved 1048576K
}
Event: 14310.981 GC heap after
{Heap after GC invocations=4263 (full 5):
 PSYoungGen      total 5120K, used 1485K [0x00000000d5580000, 0x00000000d5d80000, 0x0000000100000000)
  eden space 3584K, 0% used [0x00000000d5580000,0x00000000d5580000,0x00000000d5900000)
  from space 1536K, 96% used [0x00000000d5c00000,0x00000000d5d737e0,0x00000000d5d80000)
  to   space 2048K, 0% used [0x00000000d5980000,0x00000000d5980000,0x00000000d5b80000)
 ParOldGen       total 1395200K, used 1395005K [0x0000000080000000, 0x00000000d5280000, 0x00000000d5580000)
  object space 1395200K, 99% used [0x0000000080000000,0x00000000d524f418,0x00000000d5280000)
 Metaspace       used 99471K, committed 101120K, reserved 1179648K
  class space    used 10276K, committed 11008K, reserved 1048576K
}
Event: 14311.793 GC heap before
{Heap before GC invocations=4264 (full 5):
 PSYoungGen      total 5120K, used 5069K [0x00000000d5580000, 0x00000000d5d80000, 0x0000000100000000)
  eden space 3584K, 100% used [0x00000000d5580000,0x00000000d5900000,0x00000000d5900000)
  from space 1536K, 96% used [0x00000000d5c00000,0x00000000d5d737e0,0x00000000d5d80000)
  to   space 2048K, 0% used [0x00000000d5980000,0x00000000d5980000,0x00000000d5b80000)
 ParOldGen       total 1395200K, used 1395005K [0x0000000080000000, 0x00000000d5280000, 0x00000000d5580000)
  object space 1395200K, 99% used [0x0000000080000000,0x00000000d524f418,0x00000000d5280000)
 Metaspace       used 99471K, committed 101120K, reserved 1179648K
  class space    used 10276K, committed 11008K, reserved 1048576K
}
Event: 14311.794 GC heap after
{Heap after GC invocations=4264 (full 5):
 PSYoungGen      total 5632K, used 640K [0x00000000d5580000, 0x00000000d5c80000, 0x0000000100000000)
  eden space 3584K, 0% used [0x00000000d5580000,0x00000000d5580000,0x00000000d5900000)
  from space 2048K, 31% used [0x00000000d5980000,0x00000000d5a20000,0x00000000d5b80000)
  to   space 1024K, 0% used [0x00000000d5b80000,0x00000000d5b80000,0x00000000d5c80000)
 ParOldGen       total 1395200K, used 1395013K [0x0000000080000000, 0x00000000d5280000, 0x00000000d5580000)
  object space 1395200K, 99% used [0x0000000080000000,0x00000000d5251418,0x00000000d5280000)
 Metaspace       used 99471K, committed 101120K, reserved 1179648K
  class space    used 10276K, committed 11008K, reserved 1048576K
}
Event: 14311.797 GC heap before
{Heap before GC invocations=4265 (full 5):
 PSYoungGen      total 5632K, used 4224K [0x00000000d5580000, 0x00000000d5c80000, 0x0000000100000000)
  eden space 3584K, 100% used [0x00000000d5580000,0x00000000d5900000,0x00000000d5900000)
  from space 2048K, 31% used [0x00000000d5980000,0x00000000d5a20000,0x00000000d5b80000)
  to   space 1024K, 0% used [0x00000000d5b80000,0x00000000d5b80000,0x00000000d5c80000)
 ParOldGen       total 1395200K, used 1395013K [0x0000000080000000, 0x00000000d5280000, 0x00000000d5580000)
  object space 1395200K, 99% used [0x0000000080000000,0x00000000d5251418,0x00000000d5280000)
 Metaspace       used 99471K, committed 101120K, reserved 1179648K
  class space    used 10276K, committed 11008K, reserved 1048576K
}
Event: 14311.798 GC heap after
{Heap after GC invocations=4265 (full 5):
 PSYoungGen      total 2560K, used 1005K [0x00000000d5580000, 0x00000000d6200000, 0x0000000100000000)
  eden space 1536K, 0% used [0x00000000d5580000,0x00000000d5580000,0x00000000d5700000)
  from space 1024K, 98% used [0x00000000d5b80000,0x00000000d5c7b7e0,0x00000000d5c80000)
  to   space 4608K, 0% used [0x00000000d5700000,0x00000000d5700000,0x00000000d5b80000)
 ParOldGen       total 1398272K, used 1397871K [0x0000000080000000, 0x00000000d5580000, 0x00000000d5580000)
  object space 1398272K, 99% used [0x0000000080000000,0x00000000d551bd18,0x00000000d5580000)
 Metaspace       used 99471K, committed 101120K, reserved 1179648K
  class space    used 10276K, committed 11008K, reserved 1048576K
}
Event: 14311.800 GC heap before
{Heap before GC invocations=4266 (full 6):
 PSYoungGen      total 2560K, used 2541K [0x00000000d5580000, 0x00000000d6200000, 0x0000000100000000)
  eden space 1536K, 100% used [0x00000000d5580000,0x00000000d5700000,0x00000000d5700000)
  from space 1024K, 98% used [0x00000000d5b80000,0x00000000d5c7b7e0,0x00000000d5c80000)
  to   space 4608K, 0% used [0x00000000d5700000,0x00000000d5700000,0x00000000d5b80000)
 ParOldGen       total 1398272K, used 1397871K [0x0000000080000000, 0x00000000d5580000, 0x00000000d5580000)
  object space 1398272K, 99% used [0x0000000080000000,0x00000000d551bd18,0x00000000d5580000)
 Metaspace       used 99471K, committed 101120K, reserved 1179648K
  class space    used 10276K, committed 11008K, reserved 1048576K
}

Dll operation events (12 events):
Event: 0.004 Loaded shared library c:\Users\Usuario\.vscode\extensions\redhat.java-1.44.0-win32-x64\jre\21.0.8-win32-x86_64\bin\java.dll
Event: 0.031 Loaded shared library c:\Users\Usuario\.vscode\extensions\redhat.java-1.44.0-win32-x64\jre\21.0.8-win32-x86_64\bin\zip.dll
Event: 0.039 Loaded shared library C:\Users\Usuario\.vscode\extensions\redhat.java-1.44.0-win32-x64\jre\21.0.8-win32-x86_64\bin\instrument.dll
Event: 0.041 Loaded shared library C:\Users\Usuario\.vscode\extensions\redhat.java-1.44.0-win32-x64\jre\21.0.8-win32-x86_64\bin\net.dll
Event: 0.042 Loaded shared library C:\Users\Usuario\.vscode\extensions\redhat.java-1.44.0-win32-x64\jre\21.0.8-win32-x86_64\bin\nio.dll
Event: 0.044 Loaded shared library C:\Users\Usuario\.vscode\extensions\redhat.java-1.44.0-win32-x64\jre\21.0.8-win32-x86_64\bin\zip.dll
Event: 0.051 Loaded shared library C:\Users\Usuario\.vscode\extensions\redhat.java-1.44.0-win32-x64\jre\21.0.8-win32-x86_64\bin\jimage.dll
Event: 0.080 Loaded shared library c:\Users\Usuario\.vscode\extensions\redhat.java-1.44.0-win32-x64\jre\21.0.8-win32-x86_64\bin\verify.dll
Event: 2.406 Loaded shared library C:\Users\Usuario\AppData\Roaming\Code\User\globalStorage\redhat.java\1.44.0\config_win\org.eclipse.equinox.launcher\org.eclipse.equinox.launcher.win32.win32.x86_64_1.2.1400.v20250730-1736\eclipse_11913.dll
Event: 5.906 Loaded shared library C:\Users\Usuario\AppData\Local\Temp\jna-1531808526\jna17563933049120027010.dll
Event: 1447.297 Loaded shared library C:\Users\Usuario\.vscode\extensions\redhat.java-1.44.0-win32-x64\jre\21.0.8-win32-x86_64\bin\extnet.dll
Event: 1512.904 Loaded shared library C:\Users\Usuario\.vscode\extensions\redhat.java-1.44.0-win32-x64\jre\21.0.8-win32-x86_64\bin\sunmscapi.dll

Deoptimization events (20 events):
Event: 5411.340 Thread 0x000002a7ae2c02a0 Uncommon trap: trap_request=0xffffffc6 fr.pc=0x000002a74b8f42b0 relative=0x00000000000000f0
Event: 5411.340 Thread 0x000002a7ae2c02a0 Uncommon trap: reason=bimorphic_or_optimized_type_check action=maybe_recompile pc=0x000002a74b8f42b0 method=org.eclipse.jdt.internal.compiler.lookup.LookupEnvironment.lambda$0(Lorg/eclipse/jdt/internal/compiler/env/IModuleAwareNameEnvironment;[[CLorg/ecli
Event: 5411.340 Thread 0x000002a7ae2c02a0 DEOPT PACKING pc=0x000002a74b8f42b0 sp=0x000000dd0c4fed10
Event: 5411.340 Thread 0x000002a7ae2c02a0 DEOPT UNPACKING pc=0x000002a749db6da2 sp=0x000000dd0c4fec30 mode 2
Event: 5921.374 Thread 0x000002a7a3cd4510 Uncommon trap: trap_request=0xffffffd6 fr.pc=0x000002a74bf751c0 relative=0x0000000000000300
Event: 5921.374 Thread 0x000002a7a3cd4510 Uncommon trap: reason=array_check action=maybe_recompile pc=0x000002a74bf751c0 method=java.util.concurrent.ScheduledThreadPoolExecutor$DelayedWorkQueue.offer(Ljava/lang/Runnable;)Z @ 65 c2
Event: 5921.374 Thread 0x000002a7a3cd4510 DEOPT PACKING pc=0x000002a74bf751c0 sp=0x000000dd0e3ff090
Event: 5921.374 Thread 0x000002a7a3cd4510 DEOPT UNPACKING pc=0x000002a749db6da2 sp=0x000000dd0e3fef30 mode 2
Event: 5921.532 Thread 0x000002a7a21ec1c0 Uncommon trap: trap_request=0xffffffd6 fr.pc=0x000002a74bf751c0 relative=0x0000000000000300
Event: 5921.532 Thread 0x000002a7a21ec1c0 Uncommon trap: reason=array_check action=maybe_recompile pc=0x000002a74bf751c0 method=java.util.concurrent.ScheduledThreadPoolExecutor$DelayedWorkQueue.offer(Ljava/lang/Runnable;)Z @ 65 c2
Event: 5921.532 Thread 0x000002a7a21ec1c0 DEOPT PACKING pc=0x000002a74bf751c0 sp=0x000000dd0d6fedc0
Event: 5921.532 Thread 0x000002a7a21ec1c0 DEOPT UNPACKING pc=0x000002a749db6da2 sp=0x000000dd0d6fec60 mode 2
Event: 5922.359 Thread 0x000002a7a3cd4510 Uncommon trap: trap_request=0xffffffd6 fr.pc=0x000002a74bf751c0 relative=0x0000000000000300
Event: 5922.359 Thread 0x000002a7a3cd4510 Uncommon trap: reason=array_check action=maybe_recompile pc=0x000002a74bf751c0 method=java.util.concurrent.ScheduledThreadPoolExecutor$DelayedWorkQueue.offer(Ljava/lang/Runnable;)Z @ 65 c2
Event: 5922.359 Thread 0x000002a7a3cd4510 DEOPT PACKING pc=0x000002a74bf751c0 sp=0x000000dd0e3ff090
Event: 5922.359 Thread 0x000002a7a3cd4510 DEOPT UNPACKING pc=0x000002a749db6da2 sp=0x000000dd0e3fef30 mode 2
Event: 5923.365 Thread 0x000002a7a3cd4510 Uncommon trap: trap_request=0xffffffd6 fr.pc=0x000002a74bf751c0 relative=0x0000000000000300
Event: 5923.365 Thread 0x000002a7a3cd4510 Uncommon trap: reason=array_check action=maybe_recompile pc=0x000002a74bf751c0 method=java.util.concurrent.ScheduledThreadPoolExecutor$DelayedWorkQueue.offer(Ljava/lang/Runnable;)Z @ 65 c2
Event: 5923.365 Thread 0x000002a7a3cd4510 DEOPT PACKING pc=0x000002a74bf751c0 sp=0x000000dd0e3ff090
Event: 5923.365 Thread 0x000002a7a3cd4510 DEOPT UNPACKING pc=0x000002a749db6da2 sp=0x000000dd0e3fef30 mode 2

Classes loaded (20 events):
Event: 2718.004 Loading class java/lang/Throwable$WrappedPrintWriter
Event: 2718.004 Loading class java/lang/Throwable$PrintStreamOrWriter
Event: 2718.004 Loading class java/lang/Throwable$PrintStreamOrWriter done
Event: 2718.004 Loading class java/lang/Throwable$WrappedPrintWriter done
Event: 2797.325 Loading class java/util/Collections$EmptyListIterator
Event: 2797.326 Loading class java/util/Collections$EmptyListIterator done
Event: 2838.945 Loading class java/util/LinkedList$LLSpliterator
Event: 2838.945 Loading class java/util/LinkedList$LLSpliterator done
Event: 2838.947 Loading class sun/security/ssl/Alert
Event: 2838.947 Loading class sun/security/ssl/Alert done
Event: 2838.948 Loading class sun/security/ssl/Alert$AlertConsumer
Event: 2838.948 Loading class sun/security/ssl/Alert$AlertConsumer done
Event: 2838.948 Loading class sun/security/ssl/Alert$Level
Event: 2838.948 Loading class sun/security/ssl/Alert$Level done
Event: 2870.191 Loading class java/lang/StringLatin1$CharsSpliterator
Event: 2870.191 Loading class java/lang/StringLatin1$CharsSpliterator done
Event: 4873.682 Loading class java/util/stream/ReferencePipeline$15
Event: 4873.682 Loading class java/util/stream/ReferencePipeline$15 done
Event: 4873.682 Loading class java/util/stream/ReferencePipeline$15$1
Event: 4873.682 Loading class java/util/stream/ReferencePipeline$15$1 done

Classes unloaded (20 events):
Event: 14311.822 Thread 0x000002a7971e40a0 Unloading class 0x000002a757082400 'java/lang/invoke/LambdaForm$MH+0x000002a757082400'
Event: 14311.822 Thread 0x000002a7971e40a0 Unloading class 0x000002a757081c00 'java/lang/invoke/LambdaForm$MH+0x000002a757081c00'
Event: 14311.822 Thread 0x000002a7971e40a0 Unloading class 0x000002a757081800 'java/lang/invoke/LambdaForm$MH+0x000002a757081800'
Event: 14311.822 Thread 0x000002a7971e40a0 Unloading class 0x000002a757081400 'java/lang/invoke/LambdaForm$MH+0x000002a757081400'
Event: 14311.822 Thread 0x000002a7971e40a0 Unloading class 0x000002a757081000 'java/lang/invoke/LambdaForm$MH+0x000002a757081000'
Event: 14311.822 Thread 0x000002a7971e40a0 Unloading class 0x000002a757080800 'java/lang/invoke/LambdaForm$MH+0x000002a757080800'
Event: 14311.822 Thread 0x000002a7971e40a0 Unloading class 0x000002a757080400 'java/lang/invoke/LambdaForm$MH+0x000002a757080400'
Event: 14311.822 Thread 0x000002a7971e40a0 Unloading class 0x000002a757080000 'java/lang/invoke/LambdaForm$MH+0x000002a757080000'
Event: 14311.822 Thread 0x000002a7971e40a0 Unloading class 0x000002a75701f800 'java/lang/invoke/LambdaForm$MH+0x000002a75701f800'
Event: 14311.822 Thread 0x000002a7971e40a0 Unloading class 0x000002a75701e800 'java/lang/invoke/LambdaForm$MH+0x000002a75701e800'
Event: 14311.822 Thread 0x000002a7971e40a0 Unloading class 0x000002a75701e400 'java/lang/invoke/LambdaForm$MH+0x000002a75701e400'
Event: 14311.822 Thread 0x000002a7971e40a0 Unloading class 0x000002a75701dc00 'java/lang/invoke/LambdaForm$MH+0x000002a75701dc00'
Event: 14311.822 Thread 0x000002a7971e40a0 Unloading class 0x000002a75701d400 'java/lang/invoke/LambdaForm$MH+0x000002a75701d400'
Event: 14311.822 Thread 0x000002a7971e40a0 Unloading class 0x000002a757019400 'java/lang/invoke/LambdaForm$MH+0x000002a757019400'
Event: 14311.822 Thread 0x000002a7971e40a0 Unloading class 0x000002a757018400 'java/lang/invoke/LambdaForm$MH+0x000002a757018400'
Event: 14311.822 Thread 0x000002a7971e40a0 Unloading class 0x000002a757018000 'java/lang/invoke/LambdaForm$MH+0x000002a757018000'
Event: 14311.822 Thread 0x000002a7971e40a0 Unloading class 0x000002a757017400 'java/lang/invoke/LambdaForm$MH+0x000002a757017400'
Event: 14311.822 Thread 0x000002a7971e40a0 Unloading class 0x000002a757016400 'java/lang/invoke/LambdaForm$MH+0x000002a757016400'
Event: 14311.822 Thread 0x000002a7971e40a0 Unloading class 0x000002a757014800 'java/lang/invoke/LambdaForm$MH+0x000002a757014800'
Event: 14311.822 Thread 0x000002a7971e40a0 Unloading class 0x000002a757000400 'java/lang/invoke/LambdaForm$MH+0x000002a757000400'

Classes redefined (0 events):
No events

Internal exceptions (20 events):
Event: 5114.630 Thread 0x000002a7aef8b770 Exception <a 'java/lang/ArrayIndexOutOfBoundsException'{0x00000000d5648fd8}> (0x00000000d5648fd8) 
thrown [s\src\hotspot\share\runtime\sharedRuntime.cpp, line 625]
Event: 5114.630 Thread 0x000002a7aef8b770 Exception <a 'java/lang/ArrayIndexOutOfBoundsException'{0x00000000d5651ac8}> (0x00000000d5651ac8) 
thrown [s\src\hotspot\share\runtime\sharedRuntime.cpp, line 625]
Event: 5115.162 Thread 0x000002a7aef8b770 Exception <a 'java/lang/ArrayIndexOutOfBoundsException'{0x00000000d55bf330}: Index -1 out of bounds for length 2> (0x00000000d55bf330) 
thrown [s\src\hotspot\share\interpreter\interpreterRuntime.cpp, line 439]
Event: 5115.164 Thread 0x000002a7aef8b770 Exception <a 'java/lang/ArrayIndexOutOfBoundsException'{0x00000000d5789f30}: Index -1 out of bounds for length 2> (0x00000000d5789f30) 
thrown [s\src\hotspot\share\interpreter\interpreterRuntime.cpp, line 439]
Event: 5115.513 Thread 0x000002a7aef8be00 Exception <a 'java/lang/ArrayIndexOutOfBoundsException'{0x00000000d58366d8}: Index -1 out of bounds for length 2> (0x00000000d58366d8) 
thrown [s\src\hotspot\share\interpreter\interpreterRuntime.cpp, line 439]
Event: 5115.516 Thread 0x000002a7aef8be00 Exception <a 'java/lang/ArrayIndexOutOfBoundsException'{0x00000000d56555d0}: Index -1 out of bounds for length 2> (0x00000000d56555d0) 
thrown [s\src\hotspot\share\interpreter\interpreterRuntime.cpp, line 439]
Event: 5115.994 Thread 0x000002a7aef8be00 Exception <a 'java/lang/ArrayIndexOutOfBoundsException'{0x00000000d5681260}> (0x00000000d5681260) 
thrown [s\src\hotspot\share\runtime\sharedRuntime.cpp, line 625]
Event: 5115.994 Thread 0x000002a7aef8be00 Exception <a 'java/lang/ArrayIndexOutOfBoundsException'{0x00000000d568a218}> (0x00000000d568a218) 
thrown [s\src\hotspot\share\runtime\sharedRuntime.cpp, line 625]
Event: 5115.996 Thread 0x000002a7aef8be00 Exception <a 'java/lang/ArrayIndexOutOfBoundsException'{0x00000000d57ec460}> (0x00000000d57ec460) 
thrown [s\src\hotspot\share\runtime\sharedRuntime.cpp, line 625]
Event: 5115.996 Thread 0x000002a7aef8be00 Exception <a 'java/lang/ArrayIndexOutOfBoundsException'{0x00000000d57f5418}> (0x00000000d57f5418) 
thrown [s\src\hotspot\share\runtime\sharedRuntime.cpp, line 625]
Event: 5116.598 Thread 0x000002a7aef8be00 Exception <a 'java/lang/ArrayIndexOutOfBoundsException'{0x00000000d5696900}: Index -1 out of bounds for length 2> (0x00000000d5696900) 
thrown [s\src\hotspot\share\interpreter\interpreterRuntime.cpp, line 439]
Event: 5116.600 Thread 0x000002a7aef8be00 Exception <a 'java/lang/ArrayIndexOutOfBoundsException'{0x00000000d57b8530}: Index -1 out of bounds for length 2> (0x00000000d57b8530) 
thrown [s\src\hotspot\share\interpreter\interpreterRuntime.cpp, line 439]
Event: 5116.948 Thread 0x000002a7aef8be00 Exception <a 'java/lang/ArrayIndexOutOfBoundsException'{0x00000000d56818d0}: Index -1 out of bounds for length 2> (0x00000000d56818d0) 
thrown [s\src\hotspot\share\interpreter\interpreterRuntime.cpp, line 439]
Event: 5116.949 Thread 0x000002a7aef8be00 Exception <a 'java/lang/ArrayIndexOutOfBoundsException'{0x00000000d57a3000}: Index -1 out of bounds for length 2> (0x00000000d57a3000) 
thrown [s\src\hotspot\share\interpreter\interpreterRuntime.cpp, line 439]
Event: 5341.674 Thread 0x000002a7aef8cb20 Implicit null exception at 0x000002a74a925cd9 to 0x000002a74a9281d4
Event: 5341.674 Thread 0x000002a7aef8a3c0 Implicit null exception at 0x000002a74a925cd9 to 0x000002a74a9281d4
Event: 5351.175 Thread 0x000002a79f115150 Exception <a 'sun/nio/fs/WindowsException'{0x00000000d579a2f0}> (0x00000000d579a2f0) 
thrown [s\src\hotspot\share\prims\jni.cpp, line 520]
Event: 5351.219 Thread 0x000002a79f115150 Exception <a 'sun/nio/fs/WindowsException'{0x00000000d56da8e0}> (0x00000000d56da8e0) 
thrown [s\src\hotspot\share\prims\jni.cpp, line 520]
Event: 5411.230 Thread 0x000002a79f115150 Exception <a 'sun/nio/fs/WindowsException'{0x00000000d55a1f28}> (0x00000000d55a1f28) 
thrown [s\src\hotspot\share\prims\jni.cpp, line 520]
Event: 5411.272 Thread 0x000002a79f115150 Exception <a 'sun/nio/fs/WindowsException'{0x00000000d58cb8d8}> (0x00000000d58cb8d8) 
thrown [s\src\hotspot\share\prims\jni.cpp, line 520]

ZGC Phase Switch (0 events):
No events

VM Operations (20 events):
Event: 14263.162 Executing VM operation: HandshakeAllThreads (HandshakeForDeflation) done
Event: 14263.162 Executing VM operation: RendezvousGCThreads
Event: 14263.162 Executing VM operation: RendezvousGCThreads done
Event: 14303.371 Executing VM operation: ParallelGCFailedAllocation (Allocation Failure)
Event: 14303.372 Executing VM operation: ParallelGCFailedAllocation (Allocation Failure) done
Event: 14310.959 Executing VM operation: ParallelGCFailedAllocation (Allocation Failure)
Event: 14310.960 Executing VM operation: ParallelGCFailedAllocation (Allocation Failure) done
Event: 14310.965 Executing VM operation: ParallelGCFailedAllocation (Allocation Failure)
Event: 14310.966 Executing VM operation: ParallelGCFailedAllocation (Allocation Failure) done
Event: 14310.970 Executing VM operation: ParallelGCFailedAllocation (Allocation Failure)
Event: 14310.971 Executing VM operation: ParallelGCFailedAllocation (Allocation Failure) done
Event: 14310.976 Executing VM operation: ParallelGCFailedAllocation (Allocation Failure)
Event: 14310.977 Executing VM operation: ParallelGCFailedAllocation (Allocation Failure) done
Event: 14310.980 Executing VM operation: ParallelGCFailedAllocation (Allocation Failure)
Event: 14310.981 Executing VM operation: ParallelGCFailedAllocation (Allocation Failure) done
Event: 14311.793 Executing VM operation: ParallelGCFailedAllocation (Allocation Failure)
Event: 14311.794 Executing VM operation: ParallelGCFailedAllocation (Allocation Failure) done
Event: 14311.797 Executing VM operation: ParallelGCFailedAllocation (Allocation Failure)
Event: 14311.798 Executing VM operation: ParallelGCFailedAllocation (Allocation Failure) done
Event: 14311.800 Executing VM operation: ParallelGCFailedAllocation (Allocation Failure)

Memory protections (0 events):
No events

Nmethod flushes (20 events):
Event: 14311.886 Thread 0x000002a7971e40a0 flushing  nmethod 0x000002a74589ee10
Event: 14311.886 Thread 0x000002a7971e40a0 flushing  nmethod 0x000002a7458a0f10
Event: 14311.886 Thread 0x000002a7971e40a0 flushing  nmethod 0x000002a7458acb10
Event: 14311.886 Thread 0x000002a7971e40a0 flushing  nmethod 0x000002a7458bab90
Event: 14311.886 Thread 0x000002a7971e40a0 flushing  nmethod 0x000002a7458beb90
Event: 14311.886 Thread 0x000002a7971e40a0 flushing  nmethod 0x000002a7458c2510
Event: 14311.886 Thread 0x000002a7971e40a0 flushing  nmethod 0x000002a7458c8590
Event: 14311.886 Thread 0x000002a7971e40a0 flushing  nmethod 0x000002a7458c9290
Event: 14311.886 Thread 0x000002a7971e40a0 flushing  nmethod 0x000002a74591d590
Event: 14311.886 Thread 0x000002a7971e40a0 flushing  nmethod 0x000002a74592a710
Event: 14311.886 Thread 0x000002a7971e40a0 flushing  nmethod 0x000002a745949990
Event: 14311.886 Thread 0x000002a7971e40a0 flushing osr nmethod 0x000002a745959e90
Event: 14311.886 Thread 0x000002a7971e40a0 flushing  nmethod 0x000002a74598c890
Event: 14311.886 Thread 0x000002a7971e40a0 flushing  nmethod 0x000002a7459a4090
Event: 14311.886 Thread 0x000002a7971e40a0 flushing  nmethod 0x000002a7459a4590
Event: 14311.886 Thread 0x000002a7971e40a0 flushing  nmethod 0x000002a745a11890
Event: 14311.886 Thread 0x000002a7971e40a0 flushing  nmethod 0x000002a745a25310
Event: 14311.886 Thread 0x000002a7971e40a0 flushing  nmethod 0x000002a745a3f090
Event: 14311.886 Thread 0x000002a7971e40a0 flushing  nmethod 0x000002a745a40010
Event: 14311.886 Thread 0x000002a7971e40a0 flushing  nmethod 0x000002a745ade890

Events (20 events):
Event: 5651.182 Thread 0x000002a7ae2bc100 Thread added: 0x000002a7ae2c02a0
Event: 5651.182 Thread 0x000002a7ae2c02a0 Thread exited: 0x000002a7ae2c02a0
Event: 5651.277 Thread 0x000002a7ae2beef0 Thread exited: 0x000002a7ae2beef0
Event: 5651.293 Thread 0x000002a7ae2bdb40 Thread exited: 0x000002a7ae2bdb40
Event: 5665.703 Thread 0x000002a7aef8b770 Thread exited: 0x000002a7aef8b770
Event: 5711.349 Thread 0x000002a7ae2c1650 Thread exited: 0x000002a7ae2c1650
Event: 5725.712 Thread 0x000002a7aef896a0 Thread exited: 0x000002a7aef896a0
Event: 5785.719 Thread 0x000002a7aef8cb20 Thread exited: 0x000002a7aef8cb20
Event: 5845.724 Thread 0x000002a7aef88980 Thread exited: 0x000002a7aef88980
Event: 5905.730 Thread 0x000002a7aef8d1b0 Thread exited: 0x000002a7aef8d1b0
Event: 14239.873 Thread 0x000002a7ae2bc790 Thread exited: 0x000002a7ae2bc790
Event: 14299.888 Thread 0x000002a7aef8d840 Thread exited: 0x000002a7aef8d840
Event: 14301.533 Thread 0x000002a7a21edc00 Thread added: 0x000002a7ae2beef0
Event: 14310.962 Thread 0x000002a7ae2beef0 Thread added: 0x000002a7ae2bf580
Event: 14310.962 Thread 0x000002a7ae2bf580 Thread added: 0x000002a7ae2bfc10
Event: 14310.962 Thread 0x000002a7ae2bfc10 Thread added: 0x000002a7ae2bc790
Event: 14310.962 Thread 0x000002a7ae2bc790 Thread added: 0x000002a7ae2c02a0
Event: 14310.968 Thread 0x000002a7ae2bc790 Thread added: 0x000002a7ae2bdb40
Event: 14310.968 Thread 0x000002a7ae2bfc10 Thread added: 0x000002a7ae2c1650
Event: 14311.794 Thread 0x000002a7ae2c02a0 Thread added: 0x000002a7aef8a3c0


Dynamic libraries:
0x00007ff6fe510000 - 0x00007ff6fe51e000 	c:\Users\Usuario\.vscode\extensions\redhat.java-1.44.0-win32-x64\jre\21.0.8-win32-x86_64\bin\java.exe
0x00007ffec1ec0000 - 0x00007ffec2127000 	C:\WINDOWS\SYSTEM32\ntdll.dll
0x00007ffec0310000 - 0x00007ffec03d9000 	C:\WINDOWS\System32\KERNEL32.DLL
0x00007ffebf520000 - 0x00007ffebf910000 	C:\WINDOWS\System32\KERNELBASE.dll
0x00007ffebf920000 - 0x00007ffebfa6b000 	C:\WINDOWS\System32\ucrtbase.dll
0x00007ffea9300000 - 0x00007ffea931e000 	c:\Users\Usuario\.vscode\extensions\redhat.java-1.44.0-win32-x64\jre\21.0.8-win32-x86_64\bin\VCRUNTIME140.dll
0x00007ffeabe70000 - 0x00007ffeabe88000 	c:\Users\Usuario\.vscode\extensions\redhat.java-1.44.0-win32-x64\jre\21.0.8-win32-x86_64\bin\jli.dll
0x00007ffebffd0000 - 0x00007ffec0195000 	C:\WINDOWS\System32\USER32.dll
0x00007ffebf220000 - 0x00007ffebf247000 	C:\WINDOWS\System32\win32u.dll
0x00007ffea61f0000 - 0x00007ffea648a000 	C:\WINDOWS\WinSxS\amd64_microsoft.windows.common-controls_6595b64144ccf1df_6.0.26100.4768_none_3e0c112ce331287c\COMCTL32.dll
0x00007ffec0500000 - 0x00007ffec052b000 	C:\WINDOWS\System32\GDI32.dll
0x00007ffebfa70000 - 0x00007ffebfba8000 	C:\WINDOWS\System32\gdi32full.dll
0x00007ffec1ae0000 - 0x00007ffec1b89000 	C:\WINDOWS\System32\msvcrt.dll
0x00007ffebeff0000 - 0x00007ffebf093000 	C:\WINDOWS\System32\msvcp_win.dll
0x00007ffec1aa0000 - 0x00007ffec1acf000 	C:\WINDOWS\System32\IMM32.DLL
0x00007ffeaccb0000 - 0x00007ffeaccbc000 	c:\Users\Usuario\.vscode\extensions\redhat.java-1.44.0-win32-x64\jre\21.0.8-win32-x86_64\bin\vcruntime140_1.dll
0x00007ffe8fbe0000 - 0x00007ffe8fc6d000 	c:\Users\Usuario\.vscode\extensions\redhat.java-1.44.0-win32-x64\jre\21.0.8-win32-x86_64\bin\msvcp140.dll
0x00007ffe14f20000 - 0x00007ffe15cb7000 	c:\Users\Usuario\.vscode\extensions\redhat.java-1.44.0-win32-x64\jre\21.0.8-win32-x86_64\bin\server\jvm.dll
0x00007ffebfde0000 - 0x00007ffebfe94000 	C:\WINDOWS\System32\ADVAPI32.dll
0x00007ffebfea0000 - 0x00007ffebff46000 	C:\WINDOWS\System32\sechost.dll
0x00007ffec03e0000 - 0x00007ffec04f8000 	C:\WINDOWS\System32\RPCRT4.dll
0x00007ffec1bf0000 - 0x00007ffec1c64000 	C:\WINDOWS\System32\WS2_32.dll
0x00007ffebee50000 - 0x00007ffebeeae000 	C:\WINDOWS\SYSTEM32\POWRPROF.dll
0x00007ffeb3910000 - 0x00007ffeb3945000 	C:\WINDOWS\SYSTEM32\WINMM.dll
0x00007ffeb08e0000 - 0x00007ffeb08eb000 	C:\WINDOWS\SYSTEM32\VERSION.dll
0x00007ffebee30000 - 0x00007ffebee44000 	C:\WINDOWS\SYSTEM32\UMPDC.dll
0x00007ffebdd30000 - 0x00007ffebdd4b000 	C:\WINDOWS\SYSTEM32\kernel.appcore.dll
0x00007ffeabe40000 - 0x00007ffeabe4a000 	c:\Users\Usuario\.vscode\extensions\redhat.java-1.44.0-win32-x64\jre\21.0.8-win32-x86_64\bin\jimage.dll
0x00007ffeb2ae0000 - 0x00007ffeb2d21000 	C:\WINDOWS\SYSTEM32\DBGHELP.DLL
0x00007ffec0850000 - 0x00007ffec0bd5000 	C:\WINDOWS\System32\combase.dll
0x00007ffec19b0000 - 0x00007ffec1a90000 	C:\WINDOWS\System32\OLEAUT32.dll
0x00007ffeac5c0000 - 0x00007ffeac603000 	C:\WINDOWS\SYSTEM32\dbgcore.DLL
0x00007ffebfbb0000 - 0x00007ffebfc49000 	C:\WINDOWS\System32\bcryptPrimitives.dll
0x00007ffeabe00000 - 0x00007ffeabe0f000 	c:\Users\Usuario\.vscode\extensions\redhat.java-1.44.0-win32-x64\jre\21.0.8-win32-x86_64\bin\instrument.dll
0x00007ffea9240000 - 0x00007ffea925f000 	c:\Users\Usuario\.vscode\extensions\redhat.java-1.44.0-win32-x64\jre\21.0.8-win32-x86_64\bin\java.dll
0x00007ffec0be0000 - 0x00007ffec132d000 	C:\WINDOWS\System32\SHELL32.dll
0x00007ffebf3a0000 - 0x00007ffebf513000 	C:\WINDOWS\System32\wintypes.dll
0x00007ffebcbb0000 - 0x00007ffebd40f000 	C:\WINDOWS\SYSTEM32\windows.storage.dll
0x00007ffebfc70000 - 0x00007ffebfd65000 	C:\WINDOWS\System32\SHCORE.dll
0x00007ffebfd70000 - 0x00007ffebfdda000 	C:\WINDOWS\System32\shlwapi.dll
0x00007ffebef10000 - 0x00007ffebef39000 	C:\WINDOWS\SYSTEM32\profapi.dll
0x00007ffea5e00000 - 0x00007ffea5e18000 	c:\Users\Usuario\.vscode\extensions\redhat.java-1.44.0-win32-x64\jre\21.0.8-win32-x86_64\bin\zip.dll
0x00007ffea9050000 - 0x00007ffea9060000 	C:\Users\Usuario\.vscode\extensions\redhat.java-1.44.0-win32-x64\jre\21.0.8-win32-x86_64\bin\net.dll
0x00007ffeb7f10000 - 0x00007ffeb802e000 	C:\WINDOWS\SYSTEM32\WINHTTP.dll
0x00007ffebe2a0000 - 0x00007ffebe30b000 	C:\WINDOWS\system32\mswsock.dll
0x00007ffe9d470000 - 0x00007ffe9d486000 	C:\Users\Usuario\.vscode\extensions\redhat.java-1.44.0-win32-x64\jre\21.0.8-win32-x86_64\bin\nio.dll
0x00007ffea0db0000 - 0x00007ffea0dc0000 	c:\Users\Usuario\.vscode\extensions\redhat.java-1.44.0-win32-x64\jre\21.0.8-win32-x86_64\bin\verify.dll
0x00007ffe68c50000 - 0x00007ffe68c95000 	C:\Users\Usuario\AppData\Roaming\Code\User\globalStorage\redhat.java\1.44.0\config_win\org.eclipse.equinox.launcher\org.eclipse.equinox.launcher.win32.win32.x86_64_1.2.1400.v20250730-1736\eclipse_11913.dll
0x00007ffec0530000 - 0x00007ffec06d0000 	C:\WINDOWS\System32\ole32.dll
0x00007ffebe680000 - 0x00007ffebe69b000 	C:\WINDOWS\SYSTEM32\CRYPTSP.dll
0x00007ffebdc90000 - 0x00007ffebdccb000 	C:\WINDOWS\system32\rsaenh.dll
0x00007ffebe340000 - 0x00007ffebe36b000 	C:\WINDOWS\SYSTEM32\USERENV.dll
0x00007ffebeee0000 - 0x00007ffebef06000 	C:\WINDOWS\SYSTEM32\bcrypt.dll
0x00007ffebe4e0000 - 0x00007ffebe4ec000 	C:\WINDOWS\SYSTEM32\CRYPTBASE.dll
0x00007ffebd720000 - 0x00007ffebd753000 	C:\WINDOWS\SYSTEM32\IPHLPAPI.DLL
0x00007ffebfc50000 - 0x00007ffebfc5a000 	C:\WINDOWS\System32\NSI.dll
0x00007ffe545d0000 - 0x00007ffe54619000 	C:\Users\Usuario\AppData\Local\Temp\jna-1531808526\jna17563933049120027010.dll
0x00007ffec0840000 - 0x00007ffec0848000 	C:\WINDOWS\System32\PSAPI.DLL
0x00007ffeb3ab0000 - 0x00007ffeb3acf000 	C:\WINDOWS\SYSTEM32\dhcpcsvc6.DLL
0x00007ffeb3a80000 - 0x00007ffeb3aa5000 	C:\WINDOWS\SYSTEM32\dhcpcsvc.DLL
0x00007ffebde60000 - 0x00007ffebde96000 	C:\WINDOWS\SYSTEM32\ntmarta.dll
0x00007ffeb9ef0000 - 0x00007ffeb9ef9000 	C:\Users\Usuario\.vscode\extensions\redhat.java-1.44.0-win32-x64\jre\21.0.8-win32-x86_64\bin\extnet.dll
0x00007ffeb9eb0000 - 0x00007ffeb9ebe000 	C:\Users\Usuario\.vscode\extensions\redhat.java-1.44.0-win32-x64\jre\21.0.8-win32-x86_64\bin\sunmscapi.dll
0x00007ffebf0a0000 - 0x00007ffebf217000 	C:\WINDOWS\System32\CRYPT32.dll
0x00007ffebe7e0000 - 0x00007ffebe810000 	C:\WINDOWS\SYSTEM32\ncrypt.dll
0x00007ffebe790000 - 0x00007ffebe7cf000 	C:\WINDOWS\SYSTEM32\NTASN1.dll
0x00007ffe5dab0000 - 0x00007ffe5dab8000 	C:\WINDOWS\system32\wshunix.dll
0x00007ffebd7b0000 - 0x00007ffebd8d6000 	C:\WINDOWS\SYSTEM32\DNSAPI.dll
0x00007ffeb2a50000 - 0x00007ffeb2a5b000 	C:\Windows\System32\rasadhlp.dll
0x00007ffeb37d0000 - 0x00007ffeb3856000 	C:\WINDOWS\System32\fwpuclnt.dll

JVMTI agents:
c:\Users\Usuario\.vscode\extensions\redhat.java-1.44.0-win32-x64\lombok\lombok-1.18.39-4050.jar path:c:\Users\Usuario\.vscode\extensions\redhat.java-1.44.0-win32-x64\jre\21.0.8-win32-x86_64\bin\instrument.dll, loaded, initialized, instrumentlib options:none

dbghelp: loaded successfully - version: 4.0.5 - missing functions: none
symbol engine: initialized successfully - sym options: 0x614 - pdb path: .;c:\Users\Usuario\.vscode\extensions\redhat.java-1.44.0-win32-x64\jre\21.0.8-win32-x86_64\bin;C:\WINDOWS\SYSTEM32;C:\WINDOWS\WinSxS\amd64_microsoft.windows.common-controls_6595b64144ccf1df_6.0.26100.4768_none_3e0c112ce331287c;c:\Users\Usuario\.vscode\extensions\redhat.java-1.44.0-win32-x64\jre\21.0.8-win32-x86_64\bin\server;C:\Users\Usuario\AppData\Roaming\Code\User\globalStorage\redhat.java\1.44.0\config_win\org.eclipse.equinox.launcher\org.eclipse.equinox.launcher.win32.win32.x86_64_1.2.1400.v20250730-1736;C:\Users\Usuario\AppData\Local\Temp\jna-1531808526

VM Arguments:
jvm_args: --add-modules=ALL-SYSTEM --add-opens=java.base/java.util=ALL-UNNAMED --add-opens=java.base/java.lang=ALL-UNNAMED --add-opens=java.base/sun.nio.fs=ALL-UNNAMED -Declipse.application=org.eclipse.jdt.ls.core.id1 -Dosgi.bundles.defaultStartLevel=4 -Declipse.product=org.eclipse.jdt.ls.core.product -Djava.import.generatesMetadataFilesAtProjectRoot=false -DDetectVMInstallationsJob.disabled=true -Dfile.encoding=utf8 -XX:+UseParallelGC -XX:GCTimeRatio=4 -XX:AdaptiveSizePolicyWeight=90 -Dsun.zip.disableMemoryMapping=true -Xmx2G -Xms100m -Xlog:disable -javaagent:c:\Users\Usuario\.vscode\extensions\redhat.java-1.44.0-win32-x64\lombok\lombok-1.18.39-4050.jar -XX:+HeapDumpOnOutOfMemoryError -XX:HeapDumpPath=c:\Users\Usuario\AppData\Roaming\Code\User\workspaceStorage\ec33affc889259e39a8681075d75e073\redhat.java -Daether.dependencyCollector.impl=bf 
java_command: c:\Users\Usuario\.vscode\extensions\redhat.java-1.44.0-win32-x64\server\plugins\org.eclipse.equinox.launcher_1.7.0.v20250519-0528.jar -configuration c:\Users\Usuario\AppData\Roaming\Code\User\globalStorage\redhat.java\1.44.0\config_win -data c:\Users\Usuario\AppData\Roaming\Code\User\workspaceStorage\ec33affc889259e39a8681075d75e073\redhat.java\jdt_ws --pipe=\\.\pipe\lsp-ad500f1b02b43f220a6c80a0170e6991-sock
java_class_path (initial): c:\Users\Usuario\.vscode\extensions\redhat.java-1.44.0-win32-x64\server\plugins\org.eclipse.equinox.launcher_1.7.0.v20250519-0528.jar
Launcher Type: SUN_STANDARD

[Global flags]
    uintx AdaptiveSizePolicyWeight                 = 90                                        {product} {command line}
     intx CICompilerCount                          = 12                                        {product} {ergonomic}
    uintx GCTimeRatio                              = 4                                         {product} {command line}
     bool HeapDumpOnOutOfMemoryError               = true                                   {manageable} {command line}
    ccstr HeapDumpPath                             = c:\Users\Usuario\AppData\Roaming\Code\User\workspaceStorage\ec33affc889259e39a8681075d75e073\redhat.java         {manageable} {command line}
   size_t InitialHeapSize                          = 104857600                                 {product} {command line}
   size_t MaxHeapSize                              = 2147483648                                {product} {command line}
   size_t MaxNewSize                               = 715653120                                 {product} {ergonomic}
   size_t MinHeapDeltaBytes                        = 524288                                    {product} {ergonomic}
   size_t MinHeapSize                              = 104857600                                 {product} {command line}
   size_t NewSize                                  = 34603008                                  {product} {ergonomic}
    uintx NonNMethodCodeHeapSize                   = 7602480                                {pd product} {ergonomic}
    uintx NonProfiledCodeHeapSize                  = 122027880                              {pd product} {ergonomic}
   size_t OldSize                                  = 70254592                                  {product} {ergonomic}
    uintx ProfiledCodeHeapSize                     = 122027880                              {pd product} {ergonomic}
    uintx ReservedCodeCacheSize                    = 251658240                              {pd product} {ergonomic}
     bool SegmentedCodeCache                       = true                                      {product} {ergonomic}
   size_t SoftMaxHeapSize                          = 2147483648                             {manageable} {ergonomic}
     bool UseCompressedOops                        = true                           {product lp64_product} {ergonomic}
     bool UseLargePagesIndividualAllocation        = false                                  {pd product} {ergonomic}
     bool UseParallelGC                            = true                                      {product} {command line}

Logging:
Log output configuration:
 #0: stdout all=off uptime,level,tags foldmultilines=false
 #1: stderr all=off uptime,level,tags foldmultilines=false

Environment Variables:
JAVA_HOME=C:\Program Files\Java\jdk-24
CLASSPATH=C:\LINGO64_20\Lingo20.jar
PATH=C:\Program Files (x86)\VMware\VMware Player\bin\;C:\WINDOWS\system32;C:\WINDOWS;C:\WINDOWS\System32\Wbem;C:\WINDOWS\System32\WindowsPowerShell\v1.0\;C:\WINDOWS\System32\OpenSSH\;C:\WorkSpace\apache-maven-3.9.9-bin\apache-maven-3.9.9\bin;C:\Program Files\Git\cmd;C:\LINGO64_20\;C:\Program Files\Java\jdk-24\bin;C:\Users\Usuario\AppData\Local\Programs\Eclipse Adoptium\jdk-21.0.6.7-hotspot\bin;C:\Users\Usuario\AppData\Local\Microsoft\WindowsApps;C:\Users\Usuario\AppData\Local\Programs\Microsoft VS Code\bin
USERNAME=Usuario
OS=Windows_NT
PROCESSOR_IDENTIFIER=AMD64 Family 25 Model 97 Stepping 2, AuthenticAMD
TMP=C:\Users\Usuario\AppData\Local\Temp
TEMP=C:\Users\Usuario\AppData\Local\Temp




Periodic native trim disabled

---------------  S Y S T E M  ---------------

OS:
 Windows 11 , 64 bit Build 26100 (10.0.26100.4768)
OS uptime: 0 days 4:20 hours
Hyper-V role detected

CPU: total 16 (initial active 16) (16 cores per cpu, 2 threads per core) family 25 model 97 stepping 2 microcode 0xa601206, cx8, cmov, fxsr, ht, mmx, 3dnowpref, sse, sse2, sse3, ssse3, sse4a, sse4.1, sse4.2, popcnt, lzcnt, tsc, tscinvbit, avx, avx2, aes, erms, clmul, bmi1, bmi2, adx, avx512f, avx512dq, avx512cd, avx512bw, avx512vl, sha, fma, vzeroupper, avx512_vpopcntdq, avx512_vpclmulqdq, avx512_vaes, avx512_vnni, clflush, clflushopt, avx512_vbmi2, avx512_vbmi, hv, rdtscp, rdpid, fsrm, gfni, avx512_bitalg, f16c, cet_ss, avx512_ifma
Processor Information for the first 16 processors :
  Max Mhz: 3801, Current Mhz: 3801, Mhz Limit: 3801

Memory: 4k page, system-wide physical 15479M (5026M free)
TotalPageFile size 16503M (AvailPageFile size 1812M)
current process WorkingSet (physical memory assigned to process): 1215M, peak: 1661M
current process commit charge ("private bytes"): 1831M, peak: 1831M

vm_info: OpenJDK 64-Bit Server VM (21.0.8+9-LTS) for windows-amd64 JRE (21.0.8+9-LTS), built on 2025-07-15T00:00:00Z by "admin" with MS VC++ 17.7 (VS2022)

END.
